[sahih.higertech.com/index.html]
[backblue.gif]
[fade.gif]
[index.html]
[sahih.higertech.com/favicon.ico]
[unpkg.com/leaflet@1.5.1/dist/leaflet.css]
[api.tiles.mapbox.com/mapbox-gl-js/v1.2.0/mapbox-gl.css]
[cdnjs.cloudflare.com/ajax/libs/leaflet.markercluster/1.0.4/MarkerCluster.css]
[cdn.datatables.net/1.10.25/css/dataTables.bootstrap5.min.css]
[sahih.higertech.com/map.html]
[sahih.higertech.com/login.html]
[sahih.higertech.com/storage/logo/0c5d0c1b-458e-4190-bb27-ced34bab7308-1695771683.png]
[sahih.higertech.com/.ts-form-collapse]
[sahih.higertech.com/storage/stations/default.jpg]
[sahih.higertech.com/assets/images/users/user-10.jpg]
[sahih.higertech.com/assets/images/users/user-1.jpg]
[sahih.higertech.com/assets/images/users/user-9.jpg]
[sahih.higertech.com/assets/images/users/user-2.jpg]
[sahih.higertech.com/assets/images/users/user-4.jpg]
[sahih.higertech.com/assets/images/users/user-5.jpg]
[sahih.higertech.com/assets/images/users/user-6.jpg]
[sahih.higertech.com/assets/images/users/user-7.jpg]
[sahih.higertech.com/assets/images/users/user-8.jpg]
[sahih.higertech.com/js/app.min.js]
[sahih.higertech.com/assets/js/sly.min.js]
[unpkg.com/leaflet@1.5.1/dist/leaflet.js]
[cdnjs.cloudflare.com/ajax/libs/leaflet.markercluster/1.0.4/leaflet.markercluster.js]
[sahih.higertech.com/assets/js/spin.min.js]
[sahih.higertech.com/assets/js/leaflet.spin.min.js]
[sahih.higertech.com/assets/maps/dist/leaflet.awesome-markers.js]
[code.highcharts.com/stock/highstock.1f.delayed]
[code.highcharts.com/stock/modules/data.js]
[code.highcharts.com/stock/modules/exporting.js]
[sahih.higertech.com/js/pages/home/map.min.js]
[sahih.higertech.com/js/pages/home/home.min.js]
[api.tiles.mapbox.com/mapbox-gl-js/v1.2.0/mapbox-gl.js]
[sahih.higertech.com/index.html]
[sahih.higertech.com/assets/maps/dist/images/markers-soft.png]
[sahih.higertech.com/assets/maps/dist/images/markers-shadow.png]
[sahih.higertech.com/assets/maps/dist/images/markers-soft@2x.png]
[www.statcounter.com/counter/counter.js]
[sahih.higertech.com/assets/maps/dist/images/markers-shadow@2x.png]
[sahih.higertech.com/assets/maps/dist/leaflet.awesome-markers.css]
[unpkg.com/leaflet@1.5.1/dist/images/layers.png]
[unpkg.com/leaflet@1.5.1/dist/images/layers-2x.png]
[unpkg.com/leaflet@1.5.1/dist/images/marker-icon.png]
[unpkg.com/leaflet@1.5.1/dist/leaflet.css]
[api.tiles.mapbox.com/mapbox-gl-js/v1.2.0/mapbox-gl.css]
[cdnjs.cloudflare.com/ajax/libs/leaflet.markercluster/1.0.4/MarkerCluster.css]
[sahih.higertech.com/img/marker-active.2c.delayed]
[sahih.higertech.com/css/owl.video.play.png]
[sahih.higertech.com/css/style.css]
[sahih.higertech.com/assets/fonts/dripicons-v2.eot]
[sahih.higertech.com/assets/fonts/dripicons-v2.woff]
[sahih.higertech.com/assets/fonts/dripicons-v2.ttf]
[sahih.higertech.com/assets/fonts/dripicons-v2d41d.eot]
[sahih.higertech.com/assets/fonts/materialdesignicons-webfont7e1c.eot]
[sahih.higertech.com/assets/fonts/materialdesignicons-webfontd41d.eot]
[sahih.higertech.com/assets/fonts/materialdesignicons-webfont7e1c.woff2]
[sahih.higertech.com/assets/fonts/materialdesignicons-webfont7e1c.woff]
[sahih.higertech.com/assets/fonts/materialdesignicons-webfont7e1c.ttf]
[sahih.higertech.com/assets/fonts/feathere8ab.eot]
[sahih.higertech.com/assets/fonts/feathere8ab.woff]
[sahih.higertech.com/assets/fonts/feathere8ab.ttf]
[sahih.higertech.com/assets/fonts/themify9f24.eot]
[sahih.higertech.com/assets/fonts/themifyd41d.eot]
[sahih.higertech.com/assets/fonts/themify9f24.woff]
[sahih.higertech.com/assets/fonts/themify9f24.ttf]
[sahih.higertech.com/assets/fonts/fa-brands-400.eot]
[sahih.higertech.com/assets/fonts/fa-brands-400.woff2]
[sahih.higertech.com/assets/fonts/fa-brands-400d41d.eot]
[sahih.higertech.com/assets/fonts/fa-brands-400.woff]
[sahih.higertech.com/assets/fonts/fa-brands-400.ttf]
[sahih.higertech.com/assets/fonts/fa-regular-400.eot]
[sahih.higertech.com/assets/fonts/fa-regular-400d41d.eot]
[sahih.higertech.com/assets/fonts/fa-regular-400.woff2]
[sahih.higertech.com/assets/fonts/fa-regular-400.woff]
[sahih.higertech.com/assets/fonts/fa-regular-400.ttf]
[sahih.higertech.com/assets/fonts/fa-solid-900.eot]
[sahih.higertech.com/assets/fonts/fa-solid-900.woff2]
[sahih.higertech.com/assets/fonts/fa-solid-900d41d.eot]
[sahih.higertech.com/assets/fonts/fa-solid-900.woff]
[sahih.higertech.com/assets/fonts/fa-solid-900.ttf]
[sahih.higertech.com/assets/fonts/simple-Line-Icons4c82.eot]
[sahih.higertech.com/assets/fonts/simple-Line-Iconsd41d.eot]
[sahih.higertech.com/assets/fonts/simple-Line-Icons4c82.ttf]
[sahih.higertech.com/assets/fonts/simple-Line-Icons4c82.woff2]
[sahih.higertech.com/assets/fonts/simple-Line-Icons4c82.woff]
[sahih.higertech.com/assets/fonts/weathericons-regular-webfont.eot]
[sahih.higertech.com/assets/fonts/weathericons-regular-webfont.woff2]
[sahih.higertech.com/assets/fonts/weathericons-regular-webfontd41d.eot]
[sahih.higertech.com/assets/fonts/weathericons-regular-webfont.woff]
[sahih.higertech.com/assets/fonts/weathericons-regular-webfont.ttf]
[sahih.higertech.com/assets/css/icons.min.css]
[sahih.higertech.com/fonts/dropify.eot]
[sahih.higertech.com/fonts/dropify.woff]
[sahih.higertech.com/fonts/dropify.ttf]
[sahih.higertech.com/assets/images/megamenu-bg.png]
[sahih.higertech.com/assets/fonts/cerebrisans-light.eot]
[sahih.higertech.com/assets/fonts/cerebrisans-light.woff]
[sahih.higertech.com/assets/fonts/cerebrisans-regular.eot]
[sahih.higertech.com/assets/fonts/cerebrisans-regular.woff]
[sahih.higertech.com/assets/fonts/cerebrisans-medium.eot]
[sahih.higertech.com/assets/fonts/cerebrisans-medium.woff]
[sahih.higertech.com/assets/fonts/cerebrisans-semibold.eot]
[sahih.higertech.com/assets/fonts/cerebrisans-semibold.woff]
[sahih.higertech.com/assets/fonts/cerebrisans-bold.eot]
[sahih.higertech.com/assets/fonts/cerebrisans-bold.woff]
[sahih.higertech.com/assets/images/bg-pattern-2.png]
[sahih.higertech.com/assets/images/bg-pattern.png]
[sahih.higertech.com/assets/images/bg-auth.jpg]
[sahih.higertech.com/assets/fonts/footable.eot]
[sahih.higertech.com/assets/fonts/footabled41d.eot]
[sahih.higertech.com/assets/fonts/footable.woff]
[sahih.higertech.com/assets/fonts/footable.ttf]
[sahih.higertech.com/assets/images/jsgrid.png]
[sahih.higertech.com/assets/images/multiple-arrow.png]
[sahih.higertech.com/assets/fonts/summernote.eot]
[sahih.higertech.com/assets/fonts/summernoted41d.eot]
[sahih.higertech.com/assets/fonts/summernoted41d.woff]
[sahih.higertech.com/assets/fonts/summernoted41d.ttf]
[sahih.higertech.com/assets/fonts/dropify.eot]
[sahih.higertech.com/assets/fonts/dropify.woff]
[sahih.higertech.com/assets/fonts/dropify.ttf]
[sahih.higertech.com/assets/images/clear.png]
[sahih.higertech.com/assets/images/loading.gif]
[sahih.higertech.com/css/app.min.css]
[cdn.datatables.net/1.10.25/css/dataTables.bootstrap5.min.css]
[www.bmkg.go.id/asset/img/bg-cuaca/cerah-berawan-siang.jpg]
[sahih.higertech.com/peta/assets/images/default-image.png]
[sahih.higertech.com/peta/assets/libs/tippy.js/tippy.js.min.js]
[sahih.higertech.com/peta/assets/js/vendor.min.js]
[code.jquery.com/ui/1.13.1/jquery-ui.min.js]
[sahih.higertech.com/peta/assets/libs/moment/moment.min.js]
[sahih.higertech.com/peta/assets/libs/moment-locale/moment-locale.min.js]
[sahih.higertech.com/peta/assets/libs/moment-timezone-with-data/moment-timezone-with-data.min.js]
[sahih.higertech.com/peta/assets/libs/select2/select2.min.js]
[sahih.higertech.com/peta/assets/libs/selectize/selectize.min.js]
[sahih.higertech.com/peta/assets/js/app.min.js]
[sahih.higertech.com/peta/assets/js/src/main.js]
[sahih.higertech.com/peta/assets/libs/datatables/datatables.min.js]
[sahih.higertech.com/peta/assets/libs/bootstrap-datepicker/bootstrap-datepicker.min.js]
[sahih.higertech.com/peta/assets/libs/magnific-popup/magnific-popup.min.js]
[sahih.higertech.com/peta/assets/js/pages/gallery.init.js]
[sahih.higertech.com/peta/assets/maps/leaflet-mapbox-gl.js]
[unpkg.com/topojson@3.0.2/dist/topojson.min.js]
[sahih.higertech.com/js/pages/peta/peta.min.js]
[sahih.higertech.com/map.html]
[sahih.higertech.com/images/bg-gedung.jpg]
[sahih.higertech.com/storage/offices/logo-dark-higertech.png]
[sahih.higertech.com/storage/offices/higertech.png]
[sahih.higertech.com/login.html]
[sahih.higertech.com/.html]
[code.highcharts.com/stock/highstock.html]
[code.highcharts.com/stock/modules/data.html]
[code.highcharts.com/stock/modules/exporting.html]
[sahih.higertech.com/img/marker-active.html]
[sahih.higertech.com/css/owl.video.play.html]
[sahih.higertech.com/assets/fonts/dripicons-v2.svg]
[sahih.higertech.com/assets/fonts/feathere8ab.svg]
[sahih.higertech.com/assets/fonts/themify9f24.svg]
[sahih.higertech.com/assets/fonts/fa-brands-400.svg]
[sahih.higertech.com/assets/fonts/fa-regular-400.svg]
[sahih.higertech.com/assets/fonts/fa-solid-900.svg]
[sahih.higertech.com/assets/fonts/simple-Line-Icons4c82.svg]
[sahih.higertech.com/assets/fonts/weathericons-regular-webfont.svg]
[sahih.higertech.com/fonts/dropify.svg]
[sahih.higertech.com/assets/fonts/footable.svg]
[sahih.higertech.com/assets/fonts/dropify.svg]
[sahih.higertech.com/peta/assets/libs/select2/select2.min.css]
[sahih.higertech.com/peta/assets/libs/selectize/selectize.min.css]
[sahih.higertech.com/assets/fonts/materialdesignicons-webfont3e71.eot]
[sahih.higertech.com/assets/fonts/materialdesignicons-webfont3e71.woff2]
[sahih.higertech.com/assets/fonts/materialdesignicons-webfont3e71.woff]
[sahih.higertech.com/assets/fonts/materialdesignicons-webfont3e71.ttf]
[sahih.higertech.com/peta/assets/css/icons.min.css]
[sahih.higertech.com/peta/images/megamenu-bg.a4.delayed]
[sahih.higertech.com/peta/assets/css/default/bootstrap.min.css]
[sahih.higertech.com/peta/images/bg-pattern-2.a5.delayed]
[sahih.higertech.com/peta/images/bg-pattern.png]
[sahih.higertech.com/peta/images/bg-auth.jpg]
[sahih.higertech.com/peta/images/jsgrid.png]
[sahih.higertech.com/peta/images/multiple-arrow.png]
[sahih.higertech.com/peta/images/clear.png]
[sahih.higertech.com/peta/images/loading.gif]
[sahih.higertech.com/peta/assets/css/default/app.min.css]
[sahih.higertech.com/peta/assets/css/default/bootstrap-dark.min.css]
[sahih.higertech.com/peta/assets/css/default/app-dark.min.css]
[sahih.higertech.com/peta/assets/css/custom.min.css]
[sahih.higertech.com/peta/assets/libs/magnific-popup/magnific-popup.min.css]
[sahih.higertech.com/peta/assets/libs/bootstrap-datepicker/bootstrap-datepicker.min.css]
[sahih.higertech.com/peta/assets/img/marker-active.svg]
[sahih.higertech.com/peta/assets/css/owl.video.play.png]
[sahih.higertech.com/peta/assets/css/style.css]
[sahih.higertech.com/peta/assets/libs/datatables/datatables.min.css]
[sahih.higertech.com/storage/offices/logo-dark-higertech.html]
[sahih.higertech.com/peta/images/megamenu-bg.html]
[sahih.higertech.com/peta/images/bg-pattern-2.html]
[sahih.higertech.com/peta/images/bg-pattern.html]
[sahih.higertech.com/peta/images/bg-auth.html]
[sahih.higertech.com/peta/images/jsgrid.html]
[sahih.higertech.com/peta/images/multiple-arrow.html]
[sahih.higertech.com/peta/images/clear.html]
[sahih.higertech.com/peta/images/loading.html]
[sahih.higertech.com/peta/assets/img/marker-active.html]
[sahih.higertech.com/peta/assets/css/owl.video.play.html]
